[0.016s] Invoking command in '/home/ace/Downloads/github/robot001/build/robot_description': CMAKE_PREFIX_PATH=${CMAKE_PREFIX_PATH}:/opt/ros/humble /usr/bin/cmake --build /home/ace/Downloads/github/robot001/build/robot_description -- -j8 -l8
[0.084s] Invoked command in '/home/ace/Downloads/github/robot001/build/robot_description' returned '0': CMAKE_PREFIX_PATH=${CMAKE_PREFIX_PATH}:/opt/ros/humble /usr/bin/cmake --build /home/ace/Downloads/github/robot001/build/robot_description -- -j8 -l8
[0.109s] Invoking command in '/home/ace/Downloads/github/robot001/build/robot_description': CMAKE_PREFIX_PATH=${CMAKE_PREFIX_PATH}:/opt/ros/humble /usr/bin/cmake --install /home/ace/Downloads/github/robot001/build/robot_description
[0.117s] -- Install configuration: ""
[0.117s] -- Up-to-date: /home/ace/Downloads/github/robot001/install/robot_description/share/robot_description/launch
[0.117s] -- Up-to-date: /home/ace/Downloads/github/robot001/install/robot_description/share/robot_description/launch/display_robot.launch.py
[0.117s] -- Up-to-date: /home/ace/Downloads/github/robot001/install/robot_description/share/robot_description/launch/gazebo_sim.launch.py
[0.117s] -- Up-to-date: /home/ace/Downloads/github/robot001/install/robot_description/share/robot_description/urdf
[0.118s] -- Up-to-date: /home/ace/Downloads/github/robot001/install/robot_description/share/robot_description/urdf/first_robot.urdf
[0.118s] -- Up-to-date: /home/ace/Downloads/github/robot001/install/robot_description/share/robot_description/urdf/first_robot.urdf.xacro
[0.118s] -- Up-to-date: /home/ace/Downloads/github/robot001/install/robot_description/share/robot_description/config
[0.118s] -- Installing: /home/ace/Downloads/github/robot001/install/robot_description/share/robot_description/config/rviz
[0.119s] -- Installing: /home/ace/Downloads/github/robot001/install/robot_description/share/robot_description/config/rviz/dispaly_model.rviz
[0.119s] -- Up-to-date: /home/ace/Downloads/github/robot001/install/robot_description/share/robot_description/world
[0.119s] -- Up-to-date: /home/ace/Downloads/github/robot001/install/robot_description/share/robot_description/world/custom_room.world
[0.119s] -- Up-to-date: /home/ace/Downloads/github/robot001/install/robot_description/share/robot_description/world/room
[0.119s] -- Up-to-date: /home/ace/Downloads/github/robot001/install/robot_description/share/robot_description/world/room/model.config
[0.120s] -- Up-to-date: /home/ace/Downloads/github/robot001/install/robot_description/share/robot_description/world/room/model.sdf
[0.120s] -- Up-to-date: /home/ace/Downloads/github/robot001/install/robot_description/share/robot_description/world/room/room2
[0.120s] -- Up-to-date: /home/ace/Downloads/github/robot001/install/robot_description/share/robot_description/world/room/room2/model.config
[0.120s] -- Up-to-date: /home/ace/Downloads/github/robot001/install/robot_description/share/robot_description/world/room/room2/model.sdf
[0.120s] -- Up-to-date: /home/ace/Downloads/github/robot001/install/robot_description/share/ament_index/resource_index/package_run_dependencies/robot_description
[0.120s] -- Up-to-date: /home/ace/Downloads/github/robot001/install/robot_description/share/ament_index/resource_index/parent_prefix_path/robot_description
[0.121s] -- Up-to-date: /home/ace/Downloads/github/robot001/install/robot_description/share/robot_description/environment/ament_prefix_path.sh
[0.121s] -- Up-to-date: /home/ace/Downloads/github/robot001/install/robot_description/share/robot_description/environment/ament_prefix_path.dsv
[0.122s] -- Up-to-date: /home/ace/Downloads/github/robot001/install/robot_description/share/robot_description/environment/path.sh
[0.123s] -- Up-to-date: /home/ace/Downloads/github/robot001/install/robot_description/share/robot_description/environment/path.dsv
[0.123s] -- Up-to-date: /home/ace/Downloads/github/robot001/install/robot_description/share/robot_description/local_setup.bash
[0.124s] -- Up-to-date: /home/ace/Downloads/github/robot001/install/robot_description/share/robot_description/local_setup.sh
[0.124s] -- Up-to-date: /home/ace/Downloads/github/robot001/install/robot_description/share/robot_description/local_setup.zsh
[0.125s] -- Up-to-date: /home/ace/Downloads/github/robot001/install/robot_description/share/robot_description/local_setup.dsv
[0.125s] -- Up-to-date: /home/ace/Downloads/github/robot001/install/robot_description/share/robot_description/package.dsv
[0.125s] -- Up-to-date: /home/ace/Downloads/github/robot001/install/robot_description/share/ament_index/resource_index/packages/robot_description
[0.125s] -- Up-to-date: /home/ace/Downloads/github/robot001/install/robot_description/share/robot_description/cmake/robot_descriptionConfig.cmake
[0.126s] -- Up-to-date: /home/ace/Downloads/github/robot001/install/robot_description/share/robot_description/cmake/robot_descriptionConfig-version.cmake
[0.126s] -- Up-to-date: /home/ace/Downloads/github/robot001/install/robot_description/share/robot_description/package.xml
[0.126s] Invoked command in '/home/ace/Downloads/github/robot001/build/robot_description' returned '0': CMAKE_PREFIX_PATH=${CMAKE_PREFIX_PATH}:/opt/ros/humble /usr/bin/cmake --install /home/ace/Downloads/github/robot001/build/robot_description
