[0.015s] Invoking command in '/home/ace/Downloads/github/my_robots/robot002/build/robot_description': CMAKE_PREFIX_PATH=${CMAKE_PREFIX_PATH}:/opt/ros/humble /usr/bin/cmake --build /home/ace/Downloads/github/my_robots/robot002/build/robot_description -- -j8 -l8
[0.084s] Invoked command in '/home/ace/Downloads/github/my_robots/robot002/build/robot_description' returned '0': CMAKE_PREFIX_PATH=${CMAKE_PREFIX_PATH}:/opt/ros/humble /usr/bin/cmake --build /home/ace/Downloads/github/my_robots/robot002/build/robot_description -- -j8 -l8
[0.099s] Invoking command in '/home/ace/Downloads/github/my_robots/robot002/build/robot_description': CMAKE_PREFIX_PATH=${CMAKE_PREFIX_PATH}:/opt/ros/humble /usr/bin/cmake --install /home/ace/Downloads/github/my_robots/robot002/build/robot_description
[0.108s] -- Install configuration: ""
[0.108s] -- Up-to-date: /home/ace/Downloads/github/my_robots/robot002/install/robot_description/share/robot_description/launch
[0.109s] -- Up-to-date: /home/ace/Downloads/github/my_robots/robot002/install/robot_description/share/robot_description/launch/display_robot.launch.py
[0.109s] -- Up-to-date: /home/ace/Downloads/github/my_robots/robot002/install/robot_description/share/robot_description/launch/gazebo_robot.launch.py
[0.110s] -- Up-to-date: /home/ace/Downloads/github/my_robots/robot002/install/robot_description/share/robot_description/urdf
[0.110s] -- Up-to-date: /home/ace/Downloads/github/my_robots/robot002/install/robot_description/share/robot_description/urdf/robot
[0.110s] -- Up-to-date: /home/ace/Downloads/github/my_robots/robot002/install/robot_description/share/robot_description/urdf/robot/plugins
[0.110s] -- Up-to-date: /home/ace/Downloads/github/my_robots/robot002/install/robot_description/share/robot_description/urdf/robot/plugins/gazebo_sensor_plugin.xacro
[0.110s] -- Up-to-date: /home/ace/Downloads/github/my_robots/robot002/install/robot_description/share/robot_description/urdf/robot/plugins/gazebo_control_plugin.xacro
[0.111s] -- Up-to-date: /home/ace/Downloads/github/my_robots/robot002/install/robot_description/share/robot_description/urdf/robot/common_inertia.xacro
[0.111s] -- Up-to-date: /home/ace/Downloads/github/my_robots/robot002/install/robot_description/share/robot_description/urdf/robot/sensor
[0.111s] -- Up-to-date: /home/ace/Downloads/github/my_robots/robot002/install/robot_description/share/robot_description/urdf/robot/sensor/imu.urdf.xacro
[0.111s] -- Up-to-date: /home/ace/Downloads/github/my_robots/robot002/install/robot_description/share/robot_description/urdf/robot/sensor/camera.urdf.xacro
[0.111s] -- Up-to-date: /home/ace/Downloads/github/my_robots/robot002/install/robot_description/share/robot_description/urdf/robot/sensor/laser.urdf.xacro
[0.112s] -- Up-to-date: /home/ace/Downloads/github/my_robots/robot002/install/robot_description/share/robot_description/urdf/robot/robot.urdf.xacro
[0.112s] -- Up-to-date: /home/ace/Downloads/github/my_robots/robot002/install/robot_description/share/robot_description/urdf/robot/robot.ros2_control.xacro
[0.114s] -- Up-to-date: /home/ace/Downloads/github/my_robots/robot002/install/robot_description/share/robot_description/urdf/robot/actuator
[0.115s] -- Up-to-date: /home/ace/Downloads/github/my_robots/robot002/install/robot_description/share/robot_description/urdf/robot/actuator/caster.urdf.xacro
[0.115s] -- Up-to-date: /home/ace/Downloads/github/my_robots/robot002/install/robot_description/share/robot_description/urdf/robot/actuator/wheel.urdf.xacro
[0.115s] -- Up-to-date: /home/ace/Downloads/github/my_robots/robot002/install/robot_description/share/robot_description/urdf/robot/base.urdf.xacro
[0.116s] -- Up-to-date: /home/ace/Downloads/github/my_robots/robot002/install/robot_description/share/robot_description/config
[0.116s] -- Up-to-date: /home/ace/Downloads/github/my_robots/robot002/install/robot_description/share/robot_description/config/rviz
[0.116s] -- Up-to-date: /home/ace/Downloads/github/my_robots/robot002/install/robot_description/share/robot_description/config/rviz/dispaly_model.rviz
[0.116s] -- Up-to-date: /home/ace/Downloads/github/my_robots/robot002/install/robot_description/share/ament_index/resource_index/package_run_dependencies/robot_description
[0.117s] -- Up-to-date: /home/ace/Downloads/github/my_robots/robot002/install/robot_description/share/ament_index/resource_index/parent_prefix_path/robot_description
[0.117s] -- Up-to-date: /home/ace/Downloads/github/my_robots/robot002/install/robot_description/share/robot_description/environment/ament_prefix_path.sh
[0.117s] -- Up-to-date: /home/ace/Downloads/github/my_robots/robot002/install/robot_description/share/robot_description/environment/ament_prefix_path.dsv
[0.117s] -- Up-to-date: /home/ace/Downloads/github/my_robots/robot002/install/robot_description/share/robot_description/environment/path.sh
[0.118s] -- Up-to-date: /home/ace/Downloads/github/my_robots/robot002/install/robot_description/share/robot_description/environment/path.dsv
[0.118s] -- Up-to-date: /home/ace/Downloads/github/my_robots/robot002/install/robot_description/share/robot_description/local_setup.bash
[0.118s] -- Up-to-date: /home/ace/Downloads/github/my_robots/robot002/install/robot_description/share/robot_description/local_setup.sh
[0.118s] -- Up-to-date: /home/ace/Downloads/github/my_robots/robot002/install/robot_description/share/robot_description/local_setup.zsh
[0.119s] -- Up-to-date: /home/ace/Downloads/github/my_robots/robot002/install/robot_description/share/robot_description/local_setup.dsv
[0.119s] -- Up-to-date: /home/ace/Downloads/github/my_robots/robot002/install/robot_description/share/robot_description/package.dsv
[0.119s] -- Up-to-date: /home/ace/Downloads/github/my_robots/robot002/install/robot_description/share/ament_index/resource_index/packages/robot_description
[0.119s] -- Up-to-date: /home/ace/Downloads/github/my_robots/robot002/install/robot_description/share/robot_description/cmake/robot_descriptionConfig.cmake
[0.120s] -- Up-to-date: /home/ace/Downloads/github/my_robots/robot002/install/robot_description/share/robot_description/cmake/robot_descriptionConfig-version.cmake
[0.121s] -- Up-to-date: /home/ace/Downloads/github/my_robots/robot002/install/robot_description/share/robot_description/package.xml
[0.122s] Invoked command in '/home/ace/Downloads/github/my_robots/robot002/build/robot_description' returned '0': CMAKE_PREFIX_PATH=${CMAKE_PREFIX_PATH}:/opt/ros/humble /usr/bin/cmake --install /home/ace/Downloads/github/my_robots/robot002/build/robot_description
