[0.018s] Invoking command in '/home/ace/Downloads/github/my_robots/robot004/build/robot_description': CMAKE_PREFIX_PATH=/opt/ros/humble /usr/bin/cmake --build /home/ace/Downloads/github/my_robots/robot004/build/robot_description -- -j8 -l8
[0.100s] Invoked command in '/home/ace/Downloads/github/my_robots/robot004/build/robot_description' returned '0': CMAKE_PREFIX_PATH=/opt/ros/humble /usr/bin/cmake --build /home/ace/Downloads/github/my_robots/robot004/build/robot_description -- -j8 -l8
[0.118s] Invoking command in '/home/ace/Downloads/github/my_robots/robot004/build/robot_description': CMAKE_PREFIX_PATH=/opt/ros/humble /usr/bin/cmake --install /home/ace/Downloads/github/my_robots/robot004/build/robot_description
[0.128s] -- Install configuration: ""
[0.129s] -- Up-to-date: /home/ace/Downloads/github/my_robots/robot004/install/robot_description/share/robot_description/launch
[0.129s] -- Up-to-date: /home/ace/Downloads/github/my_robots/robot004/install/robot_description/share/robot_description/launch/display_robot.launch.py
[0.129s] -- Up-to-date: /home/ace/Downloads/github/my_robots/robot004/install/robot_description/share/robot_description/launch/gazebo_robot.launch.py
[0.129s] -- Up-to-date: /home/ace/Downloads/github/my_robots/robot004/install/robot_description/share/robot_description/urdf
[0.130s] -- Up-to-date: /home/ace/Downloads/github/my_robots/robot004/install/robot_description/share/robot_description/urdf/robot
[0.130s] -- Up-to-date: /home/ace/Downloads/github/my_robots/robot004/install/robot_description/share/robot_description/urdf/robot/plugins
[0.130s] -- Up-to-date: /home/ace/Downloads/github/my_robots/robot004/install/robot_description/share/robot_description/urdf/robot/plugins/gazebo_sensor_plugin.xacro
[0.130s] -- Up-to-date: /home/ace/Downloads/github/my_robots/robot004/install/robot_description/share/robot_description/urdf/robot/plugins/gazebo_control_plugin.xacro
[0.131s] -- Up-to-date: /home/ace/Downloads/github/my_robots/robot004/install/robot_description/share/robot_description/urdf/robot/common_inertia.xacro
[0.131s] -- Up-to-date: /home/ace/Downloads/github/my_robots/robot004/install/robot_description/share/robot_description/urdf/robot/sensor
[0.131s] -- Up-to-date: /home/ace/Downloads/github/my_robots/robot004/install/robot_description/share/robot_description/urdf/robot/sensor/imu.urdf.xacro
[0.132s] -- Up-to-date: /home/ace/Downloads/github/my_robots/robot004/install/robot_description/share/robot_description/urdf/robot/sensor/camera.urdf.xacro
[0.132s] -- Up-to-date: /home/ace/Downloads/github/my_robots/robot004/install/robot_description/share/robot_description/urdf/robot/sensor/laser.urdf.xacro
[0.132s] -- Up-to-date: /home/ace/Downloads/github/my_robots/robot004/install/robot_description/share/robot_description/urdf/robot/robot.urdf.xacro
[0.132s] -- Up-to-date: /home/ace/Downloads/github/my_robots/robot004/install/robot_description/share/robot_description/urdf/robot/robot.ros2_control.xacro
[0.132s] -- Up-to-date: /home/ace/Downloads/github/my_robots/robot004/install/robot_description/share/robot_description/urdf/robot/actuator
[0.132s] -- Up-to-date: /home/ace/Downloads/github/my_robots/robot004/install/robot_description/share/robot_description/urdf/robot/actuator/caster.urdf.xacro
[0.132s] -- Up-to-date: /home/ace/Downloads/github/my_robots/robot004/install/robot_description/share/robot_description/urdf/robot/actuator/wheel.urdf.xacro
[0.133s] -- Up-to-date: /home/ace/Downloads/github/my_robots/robot004/install/robot_description/share/robot_description/urdf/robot/base.urdf.xacro
[0.133s] -- Up-to-date: /home/ace/Downloads/github/my_robots/robot004/install/robot_description/share/robot_description/config
[0.133s] -- Up-to-date: /home/ace/Downloads/github/my_robots/robot004/install/robot_description/share/robot_description/config/rviz
[0.133s] -- Up-to-date: /home/ace/Downloads/github/my_robots/robot004/install/robot_description/share/robot_description/config/rviz/dispaly_model.rviz
[0.133s] -- Up-to-date: /home/ace/Downloads/github/my_robots/robot004/install/robot_description/share/robot_description/config/robot_ros2_controller.yaml
[0.133s] -- Up-to-date: /home/ace/Downloads/github/my_robots/robot004/install/robot_description/share/robot_description/world
[0.133s] -- Up-to-date: /home/ace/Downloads/github/my_robots/robot004/install/robot_description/share/robot_description/world/custom_room.world
[0.133s] -- Up-to-date: /home/ace/Downloads/github/my_robots/robot004/install/robot_description/share/robot_description/world/room
[0.134s] -- Up-to-date: /home/ace/Downloads/github/my_robots/robot004/install/robot_description/share/robot_description/world/room/model.config
[0.134s] -- Up-to-date: /home/ace/Downloads/github/my_robots/robot004/install/robot_description/share/robot_description/world/room/model.sdf
[0.134s] -- Up-to-date: /home/ace/Downloads/github/my_robots/robot004/install/robot_description/share/robot_description/world/room/room2
[0.134s] -- Up-to-date: /home/ace/Downloads/github/my_robots/robot004/install/robot_description/share/robot_description/world/room/room2/model.config
[0.134s] -- Up-to-date: /home/ace/Downloads/github/my_robots/robot004/install/robot_description/share/robot_description/world/room/room2/model.sdf
[0.135s] -- Up-to-date: /home/ace/Downloads/github/my_robots/robot004/install/robot_description/share/ament_index/resource_index/package_run_dependencies/robot_description
[0.135s] -- Up-to-date: /home/ace/Downloads/github/my_robots/robot004/install/robot_description/share/ament_index/resource_index/parent_prefix_path/robot_description
[0.135s] -- Up-to-date: /home/ace/Downloads/github/my_robots/robot004/install/robot_description/share/robot_description/environment/ament_prefix_path.sh
[0.135s] -- Up-to-date: /home/ace/Downloads/github/my_robots/robot004/install/robot_description/share/robot_description/environment/ament_prefix_path.dsv
[0.135s] -- Up-to-date: /home/ace/Downloads/github/my_robots/robot004/install/robot_description/share/robot_description/environment/path.sh
[0.135s] -- Up-to-date: /home/ace/Downloads/github/my_robots/robot004/install/robot_description/share/robot_description/environment/path.dsv
[0.136s] -- Up-to-date: /home/ace/Downloads/github/my_robots/robot004/install/robot_description/share/robot_description/local_setup.bash
[0.136s] -- Up-to-date: /home/ace/Downloads/github/my_robots/robot004/install/robot_description/share/robot_description/local_setup.sh
[0.136s] -- Up-to-date: /home/ace/Downloads/github/my_robots/robot004/install/robot_description/share/robot_description/local_setup.zsh
[0.136s] -- Up-to-date: /home/ace/Downloads/github/my_robots/robot004/install/robot_description/share/robot_description/local_setup.dsv
[0.137s] -- Up-to-date: /home/ace/Downloads/github/my_robots/robot004/install/robot_description/share/robot_description/package.dsv
[0.137s] -- Up-to-date: /home/ace/Downloads/github/my_robots/robot004/install/robot_description/share/ament_index/resource_index/packages/robot_description
[0.137s] -- Up-to-date: /home/ace/Downloads/github/my_robots/robot004/install/robot_description/share/robot_description/cmake/robot_descriptionConfig.cmake
[0.137s] -- Up-to-date: /home/ace/Downloads/github/my_robots/robot004/install/robot_description/share/robot_description/cmake/robot_descriptionConfig-version.cmake
[0.137s] -- Up-to-date: /home/ace/Downloads/github/my_robots/robot004/install/robot_description/share/robot_description/package.xml
[0.139s] Invoked command in '/home/ace/Downloads/github/my_robots/robot004/build/robot_description' returned '0': CMAKE_PREFIX_PATH=/opt/ros/humble /usr/bin/cmake --install /home/ace/Downloads/github/my_robots/robot004/build/robot_description
