[0.016s] Invoking command in '/home/ace/Downloads/github/robot001/build/robot_description': CMAKE_PREFIX_PATH=/opt/ros/humble /usr/bin/cmake /home/ace/Downloads/github/robot001/src/robot_description -DCMAKE_INSTALL_PREFIX=/home/ace/Downloads/github/robot001/install/robot_description
[0.217s] -- The C compiler identification is GNU 11.4.0
[0.436s] -- The CXX compiler identification is GNU 11.4.0
[0.465s] -- Detecting C compiler ABI info
[0.620s] -- Detecting C compiler ABI info - done
[0.648s] -- Check for working C compiler: /usr/bin/cc - skipped
[0.650s] -- Detecting C compile features
[0.652s] -- Detecting C compile features - done
[0.663s] -- Detecting CXX compiler ABI info
[0.812s] -- Detecting CXX compiler ABI info - done
[0.840s] -- Check for working CXX compiler: /usr/bin/c++ - skipped
[0.841s] -- Detecting CXX compile features
[0.842s] -- Detecting CXX compile features - done
[0.854s] -- Found ament_cmake: 1.3.13 (/opt/ros/humble/share/ament_cmake/cmake)
[1.050s] -- Found Python3: /usr/bin/python3 (found version "3.10.12") found components: Interpreter 
[1.212s] -- Found ament_lint_auto: 0.12.15 (/opt/ros/humble/share/ament_lint_auto/cmake)
[1.339s] -- Added test 'flake8' to check Python code syntax and style conventions
[1.340s] -- Added test 'lint_cmake' to check CMake code style
[1.341s] -- Added test 'pep257' to check Python code against some of the docstring style conventions in PEP 257
[1.343s] -- Added test 'xmllint' to check XML markup files
[1.345s] -- Configuring done
[1.349s] -- Generating done
[1.351s] -- Build files have been written to: /home/ace/Downloads/github/robot001/build/robot_description
[1.356s] Invoked command in '/home/ace/Downloads/github/robot001/build/robot_description' returned '0': CMAKE_PREFIX_PATH=/opt/ros/humble /usr/bin/cmake /home/ace/Downloads/github/robot001/src/robot_description -DCMAKE_INSTALL_PREFIX=/home/ace/Downloads/github/robot001/install/robot_description
[1.359s] Invoking command in '/home/ace/Downloads/github/robot001/build/robot_description': CMAKE_PREFIX_PATH=/opt/ros/humble /usr/bin/cmake --build /home/ace/Downloads/github/robot001/build/robot_description -- -j8 -l8
[1.428s] Invoked command in '/home/ace/Downloads/github/robot001/build/robot_description' returned '0': CMAKE_PREFIX_PATH=/opt/ros/humble /usr/bin/cmake --build /home/ace/Downloads/github/robot001/build/robot_description -- -j8 -l8
[1.442s] Invoking command in '/home/ace/Downloads/github/robot001/build/robot_description': CMAKE_PREFIX_PATH=/opt/ros/humble /usr/bin/cmake --install /home/ace/Downloads/github/robot001/build/robot_description
[1.450s] -- Install configuration: ""
[1.450s] -- Installing: /home/ace/Downloads/github/robot001/install/robot_description/share/robot_description/launch
[1.450s] -- Installing: /home/ace/Downloads/github/robot001/install/robot_description/share/robot_description/launch/display_robot.launch.py
[1.451s] -- Installing: /home/ace/Downloads/github/robot001/install/robot_description/share/robot_description/launch/gazebo_sim.launch.py
[1.451s] -- Installing: /home/ace/Downloads/github/robot001/install/robot_description/share/robot_description/urdf
[1.451s] -- Installing: /home/ace/Downloads/github/robot001/install/robot_description/share/robot_description/urdf/first_robot.urdf
[1.451s] -- Installing: /home/ace/Downloads/github/robot001/install/robot_description/share/robot_description/urdf/first_robot.urdf.xacro
[1.451s] -- Installing: /home/ace/Downloads/github/robot001/install/robot_description/share/robot_description/config
[1.452s] -- Installing: /home/ace/Downloads/github/robot001/install/robot_description/share/robot_description/world
[1.452s] -- Installing: /home/ace/Downloads/github/robot001/install/robot_description/share/robot_description/world/custom_room.world
[1.452s] -- Installing: /home/ace/Downloads/github/robot001/install/robot_description/share/robot_description/world/room
[1.452s] -- Installing: /home/ace/Downloads/github/robot001/install/robot_description/share/robot_description/world/room/model.config
[1.453s] -- Installing: /home/ace/Downloads/github/robot001/install/robot_description/share/robot_description/world/room/model.sdf
[1.453s] -- Installing: /home/ace/Downloads/github/robot001/install/robot_description/share/robot_description/world/room/room2
[1.453s] -- Installing: /home/ace/Downloads/github/robot001/install/robot_description/share/robot_description/world/room/room2/model.config
[1.454s] -- Installing: /home/ace/Downloads/github/robot001/install/robot_description/share/robot_description/world/room/room2/model.sdf
[1.455s] -- Installing: /home/ace/Downloads/github/robot001/install/robot_description/share/ament_index/resource_index/package_run_dependencies/robot_description
[1.456s] -- Installing: /home/ace/Downloads/github/robot001/install/robot_description/share/ament_index/resource_index/parent_prefix_path/robot_description
[1.456s] -- Installing: /home/ace/Downloads/github/robot001/install/robot_description/share/robot_description/environment/ament_prefix_path.sh
[1.457s] -- Installing: /home/ace/Downloads/github/robot001/install/robot_description/share/robot_description/environment/ament_prefix_path.dsv
[1.457s] -- Installing: /home/ace/Downloads/github/robot001/install/robot_description/share/robot_description/environment/path.sh
[1.458s] -- Installing: /home/ace/Downloads/github/robot001/install/robot_description/share/robot_description/environment/path.dsv
[1.458s] -- Installing: /home/ace/Downloads/github/robot001/install/robot_description/share/robot_description/local_setup.bash
[1.458s] -- Installing: /home/ace/Downloads/github/robot001/install/robot_description/share/robot_description/local_setup.sh
[1.459s] -- Installing: /home/ace/Downloads/github/robot001/install/robot_description/share/robot_description/local_setup.zsh
[1.459s] -- Installing: /home/ace/Downloads/github/robot001/install/robot_description/share/robot_description/local_setup.dsv
[1.460s] -- Installing: /home/ace/Downloads/github/robot001/install/robot_description/share/robot_description/package.dsv
[1.460s] -- Installing: /home/ace/Downloads/github/robot001/install/robot_description/share/ament_index/resource_index/packages/robot_description
[1.461s] -- Installing: /home/ace/Downloads/github/robot001/install/robot_description/share/robot_description/cmake/robot_descriptionConfig.cmake
[1.461s] -- Installing: /home/ace/Downloads/github/robot001/install/robot_description/share/robot_description/cmake/robot_descriptionConfig-version.cmake
[1.461s] -- Installing: /home/ace/Downloads/github/robot001/install/robot_description/share/robot_description/package.xml
[1.465s] Invoked command in '/home/ace/Downloads/github/robot001/build/robot_description' returned '0': CMAKE_PREFIX_PATH=/opt/ros/humble /usr/bin/cmake --install /home/ace/Downloads/github/robot001/build/robot_description
