[0.015s] Invoking command in '/home/ace/Downloads/github/my_robots/robot004/build/robot_navigation2': CMAKE_PREFIX_PATH=/opt/ros/humble /usr/bin/cmake /home/ace/Downloads/github/my_robots/robot004/src/robot_navigation2 -DCMAKE_INSTALL_PREFIX=/home/ace/Downloads/github/my_robots/robot004/install/robot_navigation2
[0.232s] -- The C compiler identification is GNU 11.4.0
[0.458s] -- The CXX compiler identification is GNU 11.4.0
[0.472s] -- Detecting C compiler ABI info
[0.606s] -- Detecting C compiler ABI info - done
[0.633s] -- Check for working C compiler: /usr/bin/cc - skipped
[0.635s] -- Detecting C compile features
[0.636s] -- Detecting C compile features - done
[0.646s] -- Detecting CXX compiler ABI info
[0.805s] -- Detecting CXX compiler ABI info - done
[0.818s] -- Check for working CXX compiler: /usr/bin/c++ - skipped
[0.818s] -- Detecting CXX compile features
[0.818s] -- Detecting CXX compile features - done
[0.824s] -- Found ament_cmake: 1.3.13 (/opt/ros/humble/share/ament_cmake/cmake)
[1.014s] -- Found Python3: /usr/bin/python3 (found version "3.10.12") found components: Interpreter 
[1.174s] -- Found ament_lint_auto: 0.12.15 (/opt/ros/humble/share/ament_lint_auto/cmake)
[1.285s] -- Added test 'flake8' to check Python code syntax and style conventions
[1.286s] -- Added test 'lint_cmake' to check CMake code style
[1.286s] -- Added test 'pep257' to check Python code against some of the docstring style conventions in PEP 257
[1.288s] -- Added test 'xmllint' to check XML markup files
[1.290s] -- Configuring done
[1.294s] -- Generating done
[1.296s] -- Build files have been written to: /home/ace/Downloads/github/my_robots/robot004/build/robot_navigation2
[1.302s] Invoked command in '/home/ace/Downloads/github/my_robots/robot004/build/robot_navigation2' returned '0': CMAKE_PREFIX_PATH=/opt/ros/humble /usr/bin/cmake /home/ace/Downloads/github/my_robots/robot004/src/robot_navigation2 -DCMAKE_INSTALL_PREFIX=/home/ace/Downloads/github/my_robots/robot004/install/robot_navigation2
[1.305s] Invoking command in '/home/ace/Downloads/github/my_robots/robot004/build/robot_navigation2': CMAKE_PREFIX_PATH=/opt/ros/humble /usr/bin/cmake --build /home/ace/Downloads/github/my_robots/robot004/build/robot_navigation2 -- -j8 -l8
[1.370s] Invoked command in '/home/ace/Downloads/github/my_robots/robot004/build/robot_navigation2' returned '0': CMAKE_PREFIX_PATH=/opt/ros/humble /usr/bin/cmake --build /home/ace/Downloads/github/my_robots/robot004/build/robot_navigation2 -- -j8 -l8
[1.372s] Invoking command in '/home/ace/Downloads/github/my_robots/robot004/build/robot_navigation2': CMAKE_PREFIX_PATH=/opt/ros/humble /usr/bin/cmake --install /home/ace/Downloads/github/my_robots/robot004/build/robot_navigation2
[1.384s] -- Install configuration: ""
[1.384s] -- Installing: /home/ace/Downloads/github/my_robots/robot004/install/robot_navigation2/share/robot_navigation2/launch
[1.385s] -- Installing: /home/ace/Downloads/github/my_robots/robot004/install/robot_navigation2/share/robot_navigation2/launch/navigation2.launch.py
[1.385s] -- Installing: /home/ace/Downloads/github/my_robots/robot004/install/robot_navigation2/share/robot_navigation2/maps
[1.385s] -- Installing: /home/ace/Downloads/github/my_robots/robot004/install/robot_navigation2/share/robot_navigation2/maps/room.yaml
[1.386s] -- Installing: /home/ace/Downloads/github/my_robots/robot004/install/robot_navigation2/share/robot_navigation2/maps/room.pgm
[1.386s] -- Installing: /home/ace/Downloads/github/my_robots/robot004/install/robot_navigation2/share/robot_navigation2/config
[1.386s] -- Installing: /home/ace/Downloads/github/my_robots/robot004/install/robot_navigation2/share/robot_navigation2/config/nav2_params.yaml
[1.386s] -- Installing: /home/ace/Downloads/github/my_robots/robot004/install/robot_navigation2/share/ament_index/resource_index/package_run_dependencies/robot_navigation2
[1.387s] -- Installing: /home/ace/Downloads/github/my_robots/robot004/install/robot_navigation2/share/ament_index/resource_index/parent_prefix_path/robot_navigation2
[1.387s] -- Installing: /home/ace/Downloads/github/my_robots/robot004/install/robot_navigation2/share/robot_navigation2/environment/ament_prefix_path.sh
[1.387s] -- Installing: /home/ace/Downloads/github/my_robots/robot004/install/robot_navigation2/share/robot_navigation2/environment/ament_prefix_path.dsv
[1.388s] -- Installing: /home/ace/Downloads/github/my_robots/robot004/install/robot_navigation2/share/robot_navigation2/environment/path.sh
[1.388s] -- Installing: /home/ace/Downloads/github/my_robots/robot004/install/robot_navigation2/share/robot_navigation2/environment/path.dsv
[1.388s] -- Installing: /home/ace/Downloads/github/my_robots/robot004/install/robot_navigation2/share/robot_navigation2/local_setup.bash
[1.388s] -- Installing: /home/ace/Downloads/github/my_robots/robot004/install/robot_navigation2/share/robot_navigation2/local_setup.sh
[1.389s] -- Installing: /home/ace/Downloads/github/my_robots/robot004/install/robot_navigation2/share/robot_navigation2/local_setup.zsh
[1.389s] -- Installing: /home/ace/Downloads/github/my_robots/robot004/install/robot_navigation2/share/robot_navigation2/local_setup.dsv
[1.389s] -- Installing: /home/ace/Downloads/github/my_robots/robot004/install/robot_navigation2/share/robot_navigation2/package.dsv
[1.389s] -- Installing: /home/ace/Downloads/github/my_robots/robot004/install/robot_navigation2/share/ament_index/resource_index/packages/robot_navigation2
[1.389s] -- Installing: /home/ace/Downloads/github/my_robots/robot004/install/robot_navigation2/share/robot_navigation2/cmake/robot_navigation2Config.cmake
[1.389s] -- Installing: /home/ace/Downloads/github/my_robots/robot004/install/robot_navigation2/share/robot_navigation2/cmake/robot_navigation2Config-version.cmake
[1.390s] -- Installing: /home/ace/Downloads/github/my_robots/robot004/install/robot_navigation2/share/robot_navigation2/package.xml
[1.393s] Invoked command in '/home/ace/Downloads/github/my_robots/robot004/build/robot_navigation2' returned '0': CMAKE_PREFIX_PATH=/opt/ros/humble /usr/bin/cmake --install /home/ace/Downloads/github/my_robots/robot004/build/robot_navigation2
